{
  "G": {
    "score": 4608,
    "hist": [
      447,
      533,
      225,
      35,
      1,
      0,
      1
    ],
    "hits": 1098,
    "mean": 0.8840579710144928,
    "ge3": 0.029790660225442835,
    "ge4": 0.001610305958132045,
    "fiveHit": 0,
    "sixHit": 1,
    "rounds": 1242
  },
  "H": {
    "score": 4644,
    "hist": [
      425,
      561,
      221,
      32,
      2,
      0,
      1
    ],
    "hits": 1113,
    "mean": 0.8961352657004831,
    "ge3": 0.02818035426731079,
    "ge4": 0.0024154589371980675,
    "fiveHit": 0,
    "sixHit": 1,
    "rounds": 1242
  },
  "I": {
    "score": 39944,
    "hist": [
      395,
      547,
      219,
      49,
      15,
      5,
      12
    ],
    "hits": 1289,
    "mean": 1.037842190016103,
    "ge3": 0.06521739130434782,
    "ge4": 0.02576489533011272,
    "fiveHit": 5,
    "sixHit": 12,
    "rounds": 1242
  },
  "R": {
    "score": 1465.977,
    "mean": 0.8000087761674646,
    "ge3": 0.023790821256038076,
    "ge4": 0.0014007246376809628,
    "fiveHit": 0.0381,
    "sixHit": 0
  },
  "walk_forward": {
    "A": 789,
    "B": 725,
    "C": 698,
    "D": 802,
    "E": 695,
    "F": 876,
    "G": 666,
    "H": 828,
    "I": 789
  },
  "best_in_sample": "A",
  "best_walk_forward": "F"
}
